Electricity Maps price-data probe run at 2026-09-05T14:56:05.140446+00:00
2 APIs x 7 request types x 8 zones
====================================================================================================
v3  forecast    DK-DK2   401   FAIL  Request unauthorized for zoneKey=DK-DK2,requestType=forecast,dataType=day-ahead-price.
v3  forecast    FR       401   FAIL  Request unauthorized for zoneKey=FR,requestType=forecast,dataType=day-ahead-price.
v3  forecast    DE       401   FAIL  Request unauthorized for zoneKey=DE,requestType=forecast,dataType=day-ahead-price.
v3  forecast    ES       401   FAIL  Request unauthorized for zoneKey=ES,requestType=forecast,dataType=day-ahead-price.
v3  forecast    GB       401   FAIL  Request unauthorized for zoneKey=GB,requestType=forecast,dataType=day-ahead-price.
v3  forecast    NL       401   FAIL  Request unauthorized for zoneKey=NL,requestType=forecast,dataType=day-ahead-price.
v3  forecast    PL       401   FAIL  Request unauthorized for zoneKey=PL,requestType=forecast,dataType=day-ahead-price.
v3  forecast    IT-NO    401   FAIL  Request unauthorized for zoneKey=IT-NO,requestType=forecast,dataType=day-ahead-price.
v3  actual      DK-DK2   401   FAIL  Request unauthorized for zoneKey=DK-DK2,requestType=actual,dataType=day-ahead-price.
v3  actual      FR       401   FAIL  Request unauthorized for zoneKey=FR,requestType=actual,dataType=day-ahead-price.
v3  actual      DE       401   FAIL  Request unauthorized for zoneKey=DE,requestType=actual,dataType=day-ahead-price.
v3  actual      ES       401   FAIL  Request unauthorized for zoneKey=ES,requestType=actual,dataType=day-ahead-price.
v3  actual      GB       401   FAIL  Request unauthorized for zoneKey=GB,requestType=actual,dataType=day-ahead-price.
v3  actual      NL       401   FAIL  Request unauthorized for zoneKey=NL,requestType=actual,dataType=day-ahead-price.
v3  actual      PL       401   FAIL  Request unauthorized for zoneKey=PL,requestType=actual,dataType=day-ahead-price.
v3  actual      IT-NO    401   FAIL  Request unauthorized for zoneKey=IT-NO,requestType=actual,dataType=day-ahead-price.
v3  latest      DK-DK2   401   FAIL  Request unauthorized for zoneKey=DK-DK2,requestType=latest,dataType=day-ahead-price.
v3  latest      FR       401   FAIL  Request unauthorized for zoneKey=FR,requestType=latest,dataType=day-ahead-price.
v3  latest      DE       401   FAIL  Request unauthorized for zoneKey=DE,requestType=latest,dataType=day-ahead-price.
v3  latest      ES       401   FAIL  Request unauthorized for zoneKey=ES,requestType=latest,dataType=day-ahead-price.
v3  latest      GB       401   FAIL  Request unauthorized for zoneKey=GB,requestType=latest,dataType=day-ahead-price.
v3  latest      NL       401   FAIL  Request unauthorized for zoneKey=NL,requestType=latest,dataType=day-ahead-price.
v3  latest      PL       401   FAIL  Request unauthorized for zoneKey=PL,requestType=latest,dataType=day-ahead-price.
v3  latest      IT-NO    401   FAIL  Request unauthorized for zoneKey=IT-NO,requestType=latest,dataType=day-ahead-price.
v3  history     DK-DK2   401   FAIL  Request unauthorized for zoneKey=DK-DK2,requestType=history,dataType=day-ahead-price.
v3  history     FR       401   FAIL  Request unauthorized for zoneKey=FR,requestType=history,dataType=day-ahead-price.
v3  history     DE       401   FAIL  Request unauthorized for zoneKey=DE,requestType=history,dataType=day-ahead-price.
v3  history     ES       401   FAIL  Request unauthorized for zoneKey=ES,requestType=history,dataType=day-ahead-price.
v3  history     GB       401   FAIL  Request unauthorized for zoneKey=GB,requestType=history,dataType=day-ahead-price.
v3  history     NL       401   FAIL  Request unauthorized for zoneKey=NL,requestType=history,dataType=day-ahead-price.
v3  history     PL       401   FAIL  Request unauthorized for zoneKey=PL,requestType=history,dataType=day-ahead-price.
v3  history     IT-NO    401   FAIL  Request unauthorized for zoneKey=IT-NO,requestType=history,dataType=day-ahead-price.
v3  past        DK-DK2   401   FAIL  Request unauthorized for zoneKey=DK-DK2,requestType=past,dataType=day-ahead-price.
v3  past        FR       401   FAIL  Request unauthorized for zoneKey=FR,requestType=past,dataType=day-ahead-price.
v3  past        DE       401   FAIL  Request unauthorized for zoneKey=DE,requestType=past,dataType=day-ahead-price.
v3  past        ES       401   FAIL  Request unauthorized for zoneKey=ES,requestType=past,dataType=day-ahead-price.
v3  past        GB       401   FAIL  Request unauthorized for zoneKey=GB,requestType=past,dataType=day-ahead-price.
v3  past        NL       401   FAIL  Request unauthorized for zoneKey=NL,requestType=past,dataType=day-ahead-price.
v3  past        PL       401   FAIL  Request unauthorized for zoneKey=PL,requestType=past,dataType=day-ahead-price.
v3  past        IT-NO    401   FAIL  Request unauthorized for zoneKey=IT-NO,requestType=past,dataType=day-ahead-price.
v3  past-range  DK-DK2   401   FAIL  Request unauthorized for zoneKey=DK-DK2,requestType=past,dataType=day-ahead-price.
v3  past-range  FR       401   FAIL  Request unauthorized for zoneKey=FR,requestType=past,dataType=day-ahead-price.
v3  past-range  DE       401   FAIL  Request unauthorized for zoneKey=DE,requestType=past,dataType=day-ahead-price.
v3  past-range  ES       401   FAIL  Request unauthorized for zoneKey=ES,requestType=past,dataType=day-ahead-price.
v3  past-range  GB       401   FAIL  Request unauthorized for zoneKey=GB,requestType=past,dataType=day-ahead-price.
v3  past-range  NL       401   FAIL  Request unauthorized for zoneKey=NL,requestType=past,dataType=day-ahead-price.
v3  past-range  PL       401   FAIL  Request unauthorized for zoneKey=PL,requestType=past,dataType=day-ahead-price.
v3  past-range  IT-NO    401   FAIL  Request unauthorized for zoneKey=IT-NO,requestType=past,dataType=day-ahead-price.
v3  combined    DK-DK2   401   FAIL  Request unauthorized for zoneKey=DK-DK2,requestType=forecast,dataType=day-ahead-price.
v3  combined    FR       401   FAIL  Request unauthorized for zoneKey=FR,requestType=forecast,dataType=day-ahead-price.
v3  combined    DE       401   FAIL  Request unauthorized for zoneKey=DE,requestType=forecast,dataType=day-ahead-price.
v3  combined    ES       401   FAIL  Request unauthorized for zoneKey=ES,requestType=forecast,dataType=day-ahead-price.
v3  combined    GB       401   FAIL  Request unauthorized for zoneKey=GB,requestType=forecast,dataType=day-ahead-price.
v3  combined    NL       401   FAIL  Request unauthorized for zoneKey=NL,requestType=forecast,dataType=day-ahead-price.
v3  combined    PL       401   FAIL  Request unauthorized for zoneKey=PL,requestType=forecast,dataType=day-ahead-price.
v3  combined    IT-NO    401   FAIL  Request unauthorized for zoneKey=IT-NO,requestType=forecast,dataType=day-ahead-price.
v4  forecast    DK-DK2   200   OK     24 points  first=24.88 EUR/MWh @ 2026-09-05T15:00:00.000Z
v4  forecast    FR       200   OK     24 points  first=51.36 EUR/MWh @ 2026-09-05T15:00:00.000Z
v4  forecast    DE       200   OK     24 points  first=32.26 EUR/MWh @ 2026-09-05T15:00:00.000Z
v4  forecast    ES       200   OK     24 points  first=59.89 EUR/MWh @ 2026-09-05T15:00:00.000Z
v4  forecast    GB       200   OK     24 points  first=106.52 GBP/MWh @ 2026-09-05T15:00:00.000Z
v4  forecast    NL       200   OK     24 points  first=39.64 EUR/MWh @ 2026-09-05T15:00:00.000Z
v4  forecast    PL       200   OK     24 points  first=110.22 EUR/MWh @ 2026-09-05T15:00:00.000Z
v4  forecast    IT-NO    200   OK     24 points  first=180.17 EUR/MWh @ 2026-09-05T15:00:00.000Z
v4  actual      DK-DK2   200   OK     24 points  first=67.29 EUR/MWh @ 2026-09-03T14:00:00.000Z
v4  actual      FR       200   OK     24 points  first=69.41 EUR/MWh @ 2026-09-03T14:00:00.000Z
v4  actual      DE       200   OK     24 points  first=61.39 EUR/MWh @ 2026-09-03T14:00:00.000Z
v4  actual      ES       200   OK     24 points  first=67.29 EUR/MWh @ 2026-09-03T14:00:00.000Z
v4  actual      GB       200   OK     24 points  first=70.1 GBP/MWh @ 2026-09-03T14:00:00.000Z
v4  actual      NL       200   OK     24 points  first=65.1 EUR/MWh @ 2026-09-03T14:00:00.000Z
v4  actual      PL       200   OK     24 points  first=155.81 EUR/MWh @ 2026-09-03T14:00:00.000Z
v4  actual      IT-NO    200   OK     24 points  first=212.7 EUR/MWh @ 2026-09-03T14:00:00.000Z
v4  latest      DK-DK2   200   OK    value=1.89 EUR/MWh @ 2026-09-05T14:00:00.000Z
v4  latest      FR       200   OK    value=17.4 EUR/MWh @ 2026-09-05T14:00:00.000Z
v4  latest      DE       200   OK    value=-3.35 EUR/MWh @ 2026-09-05T14:00:00.000Z
v4  latest      ES       200   OK    value=17.72 EUR/MWh @ 2026-09-05T14:00:00.000Z
v4  latest      GB       200   OK    value=10.71 GBP/MWh @ 2026-09-05T14:00:00.000Z
v4  latest      NL       200   OK    value=-1.7 EUR/MWh @ 2026-09-05T14:00:00.000Z
v4  latest      PL       200   OK    value=13.87 EUR/MWh @ 2026-09-05T14:00:00.000Z
v4  latest      IT-NO    200   OK    value=150.1 EUR/MWh @ 2026-09-05T14:00:00.000Z
v4  history     DK-DK2   200   OK    value=None  @ None
v4  history     FR       200   OK    value=None  @ None
v4  history     DE       200   OK    value=None  @ None
v4  history     ES       200   OK    value=None  @ None
v4  history     GB       200   OK    value=None  @ None
v4  history     NL       200   OK    value=None  @ None
v4  history     PL       200   OK    value=None  @ None
v4  history     IT-NO    200   OK    value=None  @ None
v4  past        DK-DK2   401   FAIL  Request unauthorized for zoneKey=DK-DK2,requestType=past,dataType=price-day-ahead.
v4  past        FR       401   FAIL  Request unauthorized for zoneKey=FR,requestType=past,dataType=price-day-ahead.
v4  past        DE       401   FAIL  Request unauthorized for zoneKey=DE,requestType=past,dataType=price-day-ahead.
v4  past        ES       401   FAIL  Request unauthorized for zoneKey=ES,requestType=past,dataType=price-day-ahead.
v4  past        GB       401   FAIL  Request unauthorized for zoneKey=GB,requestType=past,dataType=price-day-ahead.
v4  past        NL       401   FAIL  Request unauthorized for zoneKey=NL,requestType=past,dataType=price-day-ahead.
v4  past        PL       401   FAIL  Request unauthorized for zoneKey=PL,requestType=past,dataType=price-day-ahead.
v4  past        IT-NO    401   FAIL  Request unauthorized for zoneKey=IT-NO,requestType=past,dataType=price-day-ahead.
v4  past-range  DK-DK2   401   FAIL  Request unauthorized for zoneKey=DK-DK2,requestType=past,dataType=price-day-ahead.
v4  past-range  FR       401   FAIL  Request unauthorized for zoneKey=FR,requestType=past,dataType=price-day-ahead.
v4  past-range  DE       401   FAIL  Request unauthorized for zoneKey=DE,requestType=past,dataType=price-day-ahead.
v4  past-range  ES       401   FAIL  Request unauthorized for zoneKey=ES,requestType=past,dataType=price-day-ahead.
v4  past-range  GB       401   FAIL  Request unauthorized for zoneKey=GB,requestType=past,dataType=price-day-ahead.
v4  past-range  NL       401   FAIL  Request unauthorized for zoneKey=NL,requestType=past,dataType=price-day-ahead.
v4  past-range  PL       401   FAIL  Request unauthorized for zoneKey=PL,requestType=past,dataType=price-day-ahead.
v4  past-range  IT-NO    401   FAIL  Request unauthorized for zoneKey=IT-NO,requestType=past,dataType=price-day-ahead.
v4  combined    DK-DK2   200   OK     25 points  first=1.89 EUR/MWh @ 2026-09-05T14:00:00.000Z
v4  combined    FR       200   OK     25 points  first=17.4 EUR/MWh @ 2026-09-05T14:00:00.000Z
v4  combined    DE       200   OK     25 points  first=-3.35 EUR/MWh @ 2026-09-05T14:00:00.000Z
v4  combined    ES       200   OK     25 points  first=17.72 EUR/MWh @ 2026-09-05T14:00:00.000Z
v4  combined    GB       200   OK     25 points  first=10.71 GBP/MWh @ 2026-09-05T14:00:00.000Z
v4  combined    NL       200   OK     25 points  first=-1.7 EUR/MWh @ 2026-09-05T14:00:00.000Z
v4  combined    PL       200   OK     25 points  first=13.87 EUR/MWh @ 2026-09-05T14:00:00.000Z
v4  combined    IT-NO    200   OK     25 points  first=150.1 EUR/MWh @ 2026-09-05T14:00:00.000Z
====================================================================================================
SUMMARY (zones returning 200 out of 8)
  v3  forecast    0/8
  v3  actual      0/8
  v3  latest      0/8
  v3  history     0/8
  v3  past        0/8
  v3  past-range  0/8
  v3  combined    0/8
  v4  forecast    8/8
  v4  actual      8/8
  v4  latest      8/8
  v4  history     8/8
  v4  past        0/8
  v4  past-range  0/8
  v4  combined    8/8
